// Vitest Snapshot v1, https://vitest.dev/guide/snapshot.html

exports[`Agent service schemas > CreateSessionBodySchema matches snapshot 1`] = `
{
  "$id": "CreateSessionBody",
  "properties": {
    "baseBranch": {
      "type": "string",
    },
    "createPr": {
      "type": "boolean",
    },
    "maxBudgetUsd": {
      "maximum": 10,
      "minimum": 0.01,
      "type": "number",
    },
    "maxTurns": {
      "maximum": 200,
      "minimum": 1,
      "type": "number",
    },
    "model": {
      "type": "string",
    },
    "parentId": {
      "type": "string",
    },
    "taskDescription": {
      "maxLength": 10000,
      "minLength": 1,
      "type": "string",
    },
  },
  "required": [
    "taskDescription",
  ],
  "type": "object",
}
`;

exports[`Agent service schemas > ErrorSchema matches snapshot 1`] = `
{
  "$id": "AgentError",
  "properties": {
    "error": {
      "example": "Not Found",
      "type": "string",
    },
    "message": {
      "example": "Session not found",
      "type": "string",
    },
    "statusCode": {
      "example": 404,
      "type": "number",
    },
  },
  "required": [
    "error",
    "message",
    "statusCode",
  ],
  "type": "object",
}
`;

exports[`Agent service schemas > PaginationSchema matches snapshot 1`] = `
{
  "$id": "AgentPagination",
  "properties": {
    "hasNext": {
      "example": true,
      "type": "boolean",
    },
    "hasPrev": {
      "example": false,
      "type": "boolean",
    },
    "limit": {
      "example": 10,
      "type": "number",
    },
    "page": {
      "example": 1,
      "type": "number",
    },
    "total": {
      "example": 42,
      "type": "number",
    },
    "totalPages": {
      "example": 5,
      "type": "number",
    },
  },
  "required": [
    "page",
    "limit",
    "total",
    "totalPages",
    "hasNext",
    "hasPrev",
  ],
  "type": "object",
}
`;

exports[`Agent service schemas > SessionEventSchema matches snapshot 1`] = `
{
  "$id": "SessionEvent",
  "properties": {
    "createdAt": {
      "type": "string",
    },
    "data": {
      "propertyNames": {
        "type": "string",
      },
      "type": "object",
    },
    "id": {
      "type": "string",
    },
    "sessionId": {
      "type": "string",
    },
    "type": {
      "type": "string",
    },
  },
  "required": [
    "id",
    "sessionId",
    "type",
    "createdAt",
  ],
  "type": "object",
}
`;

exports[`Agent service schemas > SessionSchema matches snapshot 1`] = `
{
  "$id": "Session",
  "properties": {
    "baseBranch": {
      "type": "string",
    },
    "branchName": {
      "anyOf": [
        {
          "type": "string",
        },
        {
          "type": "null",
        },
      ],
    },
    "completedAt": {
      "anyOf": [
        {
          "type": "string",
        },
        {
          "type": "null",
        },
      ],
    },
    "costUsd": {
      "anyOf": [
        {
          "type": "number",
        },
        {
          "type": "null",
        },
      ],
    },
    "createPr": {
      "type": "boolean",
    },
    "createdAt": {
      "type": "string",
    },
    "durationMs": {
      "anyOf": [
        {
          "type": "number",
        },
        {
          "type": "null",
        },
      ],
    },
    "errors": {
      "items": {
        "type": "string",
      },
      "type": "array",
    },
    "id": {
      "type": "string",
    },
    "inputTokens": {
      "anyOf": [
        {
          "type": "number",
        },
        {
          "type": "null",
        },
      ],
    },
    "maxBudgetUsd": {
      "type": "number",
    },
    "maxTurns": {
      "type": "number",
    },
    "model": {
      "type": "string",
    },
    "numTurns": {
      "anyOf": [
        {
          "type": "number",
        },
        {
          "type": "null",
        },
      ],
    },
    "outputTokens": {
      "anyOf": [
        {
          "type": "number",
        },
        {
          "type": "null",
        },
      ],
    },
    "parentId": {
      "anyOf": [
        {
          "type": "string",
        },
        {
          "type": "null",
        },
      ],
    },
    "prNumber": {
      "anyOf": [
        {
          "type": "number",
        },
        {
          "type": "null",
        },
      ],
    },
    "prUrl": {
      "anyOf": [
        {
          "type": "string",
        },
        {
          "type": "null",
        },
      ],
    },
    "resultText": {
      "anyOf": [
        {
          "type": "string",
        },
        {
          "type": "null",
        },
      ],
    },
    "startedAt": {
      "anyOf": [
        {
          "type": "string",
        },
        {
          "type": "null",
        },
      ],
    },
    "status": {
      "enum": [
        "PENDING",
        "RUNNING",
        "SUCCEEDED",
        "FAILED",
        "CANCELLED",
      ],
      "type": "string",
    },
    "taskDescription": {
      "type": "string",
    },
    "updatedAt": {
      "type": "string",
    },
  },
  "required": [
    "id",
    "status",
    "taskDescription",
    "branchName",
    "baseBranch",
    "model",
    "maxTurns",
    "maxBudgetUsd",
    "prUrl",
    "prNumber",
    "resultText",
    "costUsd",
    "inputTokens",
    "outputTokens",
    "numTurns",
    "durationMs",
    "parentId",
    "errors",
    "startedAt",
    "completedAt",
    "createdAt",
    "updatedAt",
  ],
  "type": "object",
}
`;
